border_size=1
usage=map

Wot         , Wot         , Wot         , Wot         , Wot         , Wo          , Wot         , Wo          , Wot         , Wot         , Wot         , Wo          , Wot         , Wot         , Wwrt        , Wot         , Wot         , Wot         , Wot         , Wot         , Wot         , Wot         , Wot         , Wot         , Wot         , Wot         , Wot         , Wot         , Wot         , Wot         , Wot         , Wot         , Wot         , Wot         
Wot         , Wot         , 2 Wot       , Wot         , Wwt         , Wot         , Wwt         , Wwt         , Wwt         , Wot         , Wot         , Wot         , Wwrt        , Wwrt        , Wwrt        , Wot         , Wwt         , Wot         , Wwt         , Ww^Vm       , Wot         , Wot         , Wot         , Wot         , Wot         , Wot         , Wot         , Wot         , Wot         , Wot         , Wot         , Wot         , Wot         , Wot         
Wot         , Wot         , Wot         , Wot         , Wwt         , Wwt         , Wwt         , Wwt         , Wwt         , Wot         , Wwrt        , Wot         , Wwt         , Wwt         , Wwt         , Wwt         , Wwt         , Wwt         , Wwt         , Wwt         , Wwrt        , Wot         , Wot         , Wot         , Wot         , Wot         , Wwrt        , Ww^Vm       , Wot         , Wot         , Wot         , Wot         , Wot         , Wot         
Wot         , Wot         , Wwt         , Wwt         , Wwt         , Wwt         , Ds          , Ds          , Wwt         , Wwt         , Wwt         , Wwt         , Wwf         , Wwt         , Gs^Ft       , Wwt         , Gs^Ft       , Wwt         , Wwt         , Wwt         , Wwt         , Wwrt        , Wwt         , Wwt         , Wwrt        , Wwrt        , Wot         , Wot         , Wot         , Wot         , Wot         , Wot         , Wot         , Wot         
Wot         , Wot         , Wwt         , Ds          , Ds          , Wwt         , Ds          , Ds          , Wwt         , Wwf         , Wwf         , Wwf         , Gs^Ft       , Gs^Ft       , Gs^Ft       , Gs^Ft       , Gs^Ft       , Ds          , Ds          , Wwt         , Wwt         , Wwt         , Wwt         , Wwt         , Ww          , Wwrt        , Wwrt        , Wot         , Wot         , Wot         , Wot         , Wot         , Wot         , Wot         
Wot         , Wwt         , Wwrt        , Wwrt        , Wwt         , Ds          , Wwt         , Wwt         , Wwf         , Wwf         , Ss          , Gs          , Gs          , Gs^Ft       , Gg          , Gg^Vc       , Gs^Ft       , Gs^Ft       , Ds          , Ds          , Ds          , Wwt         , Ds          , Wwf         , Wwf         , Wwf         , Wwt         , Wot         , Wot         , Wwrt        , Wot         , Wot         , Wot         , Wot         
Wot         , Ww^Vm       , Wwrt        , Wwrt        , Wwt         , Wwf         , Wwf         , Wwf         , Ww          , Ss          , Gs^Ft       , Gs^Ft       , Gs          , Gg          , Ce          , Gg          , Gs^Ft       , Ds          , Ds          , Ds          , Ds          , Ww          , Ds          , Ds          , Wwf         , Wwf         , Wwt         , Wwt         , Wot         , Wwrt        , Wwt         , Wwt         , Wwt         , Wot         
Wot         , Wwt         , Wwt         , Wwrt        , Wwt         , Ww          , Ww          , Ss          , Ss          , Ss          , Ss          , Gs^Ft       , Gs          , Gg          , Gg          , Gg          , Gg          , Gs^Ft       , Gs^Ft       , Gs^Ft       , Ss          , Ww          , Ww          , Ds          , Ds          , Wwf         , Wwf         , Wwt         , Wwt         , Wwt         , Wwt         , Ww^Vm       , Wwt         , Wot         
Ww          , Ww          , Ww          , Wwt         , Ww          , Ss          , Ss          , Ss          , Ss^Vhs      , Ss          , Gs^Ft       , Gs^Ft       , Gs^Ft       , Gg          , Gs^Ft       , Gg          , Gs^Ft       , Gg          , Gg          , Ss          , Ss          , Ww          , Ds          , Ds          , Ds          , Ds          , Wwf         , Ww          , Ww          , Wwt         , Ww          , Wwt         , Wwt         , Wot         
Ss          , Ww          , Ss          , Ww          , Ww          , Ss          , Ss          , Ss          , Ss          , Ss          , Ss          , Gs^Ft       , Gs^Ft       , Gg          , Gs^Ft       , Gs^Ft       , Gs^Ft       , Gg^Vc       , Gg          , Gs^Fds      , Gs^Fds      , Ss          , Gs          , Gs^Ft       , Ds          , Ds          , Ds          , Ds          , Ds          , Ww          , Ds          , Ww          , Ww          , Wwt         
Ss          , Ss          , Ss          , Ss          , Ss          , Ww          , Ww          , Ww          , Ww          , Ss          , Ss          , Gs          , Gs          , Gg          , Gg          , Gs^Ft       , Gs^Ft       , Gs^Ft       , Gg          , Gs^Fds      , Gg          , Gg          , Gs^Ft       , Gs^Ft       , Gs^Ft       , Ce          , Ds          , Ds          , Ds          , Ds          , Ds          , Ww          , Ww          , Ww          
Ss          , Ss          , Gs^Ft       , Ss          , Ss          , Ss          , Ss          , Ss          , Ss          , Ww          , Ww          , Ss          , Ss          , Gs^Ft       , Gg          , Gs^Ft       , Gg          , Gs^Ft       , Gg          , Gg          , Gg          , Gs^Ft       , Gg          , Gg          , Gg          , Gs^Ft       , Gs^Ft       , Gs^Ft       , Ds          , Ds          , Ds          , Ds          , Ds          , Ww          
Ss          , Gs^Ft       , Ss          , Ss          , Ss          , Gs^Ft       , Gs^Ft       , Gs^Ft       , Gs^Ft       , Ss          , Ww          , Ss^Vhs      , Ss          , Ss          , Gs          , Gg          , Gs^Fmw      , Gg          , Gll^Fp      , Gg          , Gs^Fmw      , Gg          , Gg          , Gg^Vc       , Gg          , Gs^Ft       , Hh^Fmf      , Gs^Ft       , Gs^Ft       , Ce          , Ds          , Gs^Ft       , Gs^Ft       , Ww          
Ss          , Gs^Ft       , Ss          , Ww^Vm       , Ss          , Gs^Ft       , Gs^Ft       , Gs^Ft       , Gg          , Ss          , Ss          , Ww          , Ww          , Gs          , Gs^Fms      , Gs^Fms      , Gs^Fmf      , Gs^Fmw      , Gs^Fmf      , Gll^Fp      , Gs^Fmw      , Gg          , Gg          , Gg          , Gg          , Gs^Ft       , Hh^Fmf      , Gs^Fmf      , Gs^Fp       , Gs^Ft       , Gs^Ft       , Gs^Ft       , Ww          , Ww          
Gs          , Gs          , Gs          , Ss          , Gs^Ft       , Gs^Ft       , Gs          , Gg          , Gs^Fmw      , Gg          , Gs^Fmw      , Ss          , Ww          , Gs          , Gs^Fms      , Gs^Fmw      , Gs^Fmf      , Hh^Fp       , Hh^Vo       , Gs^Fmf      , Gs^Fmf      , Gs^Fmf      , Gs^Fmf      , Gs^Ft       , Gs^Ft       , Gs^Fp       , Hh^Fmf      , Hh^Fp       , Hh^Fp       , Gs^Fp       , Ss          , Ss          , Ww          , Ds          
Ss          , Gs          , Ss          , Ss          , Gs^Ft       , Gs^Ft       , Gs          , Gg          , Gg          , Gs^Ft       , Gs^Ft       , Gs^Ft       , Ww          , Gs          , Gs          , Gs^Fmf      , Hh^Fp       , Hh^Fmf      , Hh^Fmf      , Gs^Fmf      , Gs^Fmf      , Gs^Fmf      , Hh^Fmf      , Hh^Fmf      , Gs^Fmf      , Hh^Fmf      , Hh^Fp       , Hh^Fp       , Hh^Fp       , Hh^Fp       , Hh^Fp       , Ww          , Hh^Fp       , Gs^Ft       
Ss          , Ss          , Ss          , Ss          , Ss          , Gs^Ft       , Gs          , Gs          , Gg          , Gs^Fmw      , Gs^Fmw      , Gs^Ft       , Gs^Ft       , Ww          , Ww          , Ss          , Ss          , Hh^Fp       , Gs^Fmf      , Gs^Fmf      , Ggf         , Gg^Fet      , Rp          , Hh^Fp       , Hh          , Hh^Fp       , Rp          , Rp          , Rp          , Mm          , Ss          , Ss          , Hh^Fp       , Hh^Fp       
Ss          , Ss          , Gs^Ft       , Ss          , Gs          , Gs^Ft       , Gs^Ft       , Gs^Ft       , Gg          , Gs^Ft       , Gg          , Gg          , Gs^Ft       , Gs^Ft       , Gs^Ft       , Ww          , Ww          , Hh^Fmf      , Hh^Fmf      , Ggf         , Ggf         , Ggf         , Rp          , Hh^Fp       , Mm          , Rp          , Ch          , Ch          , Ch          , Rp          , Mm          , Mm          , Mm          , Hh^Fp       
Ss          , Ss          , Gs^Ft       , Gs^Ft       , Gg          , Gs^Ft       , Gg          , Gs^Ft       , Gg          , Gg          , Gg          , Gg          , Gg          , Gs^Ft       , Gs^Ft       , Gs^Ft       , Gs^Ft       , Ww          , Hh^Fp       , Ggf         , Hh^Fp       , Rp          , Rp          , Rp          , Rp          , Rp          , Ch          , Kh          , Ch          , Rp          , Mm          , Mm^Vhh      , Mm          , Hh^Fp       
Ss          , Gs^Ft       , Gs          , Gs^Ft       , Gg          , Gg          , Gg^Vo       , Gg          , Gg          , Gs^Fmw      , Gs^Ft       , Gs^Ft       , Hh^Fmw      , Gg          , Gs^Ft       , Gs^Vht      , Gs^Ft       , Ww          , Ww          , Hh^Fp       , Rp          , Rp          , Rp          , Rp          , Rp          , Rp          , Rp          , Ch          , Rp          , Rp          , Mm          , Mm          , Mm          , Hh^Fp       
Gs          , Gs          , Gg          , Gg          , Re^Gvs      , Gg          , Gg          , Gg          , Gs^Ft       , Gs^Ft       , Hh^Fmw      , Hh^Fmw      , Mm          , Hh^Fmw      , Hh^Fmw      , Gs^Ft       , Hh^Fp       , Hh^Fp       , Ww          , Hh^Fp       , Hh^Fp       , Mm          , Mm^Vhh      , Mm          , Rp          , Rp          , 1 Rp        , Rp          , Rp          , Rp          , Mm          , Mm          , Mm          , Hh^Fp       
Gg          , Gg          , Gg          , Re^Gvs      , Gg          , Gg          , Gg          , Gg          , Gs^Ft       , Gs^Ft       , Mm          , Mm          , Mv          , Mm          , Mm          , Mm          , Mm          , Hh^Fp       , Hh^Fp       , Ww          , Hh^Fp       , Mm          , Mm          , Gs^Ft       , Rp          , Rp          , Rp          , Rp          , Mm          , Mm          , Mm          , Hh^Fp       , Hh^Fp       , Hh^Fp       
Gg          , Gg          , Gg          , Gg          , Gs^Ft       , Gs^Ft       , Gs^Ft       , Gs^Ft       , Gs^Ft       , Hh^Fms      , Mm          , Mm          , Mm          , Mm          , Mm          , Mm          , Mm          , Mm          , Hh^Fp       , Ww          , Hh^Fp       , Mm          , Mm          , Mm          , Mm          , Rp          , Rp          , Rp          , Gg^Fet      , Mm          , Mm          , Gs^Fp       , Gs          , Gs^Fp       
