border_size=1
usage=map

Gg          , Gg          , Gg          , Gs^Ft       , Gg          , Gg          , Gg          , Gg          , Gg          , Gs^Ft       , Ds          , Ds          , Ds          , Ds          , Ds          , Ww          , Ww          , Ww^Vm       , Ww          , Wwt         , Wwt         , Wot         , Wot         , Wot         , Wot         , Wot         , Wot         , Wot         , Wwf         , Wo          , Ds          
Gs^Fmf      , Gg          , Gs^Fmw      , Gg          , Gg          , Gg^Vd       , Gg          , Gg          , Hh^Fmf      , Gg          , Gg          , Ce          , Ds          , Gs^Ft       , Gs^Ft       , Ww          , Ww          , Ww          , Ww          , Wwt         , Wwt         , Wot         , Wot         , Wwrt        , Wwrt        , Wot         , Wwrt        , Wwf         , Wwf         , Ds          , Ds          
Gs^Fmf      , Gg          , Gs^Fmw      , Gg          , Gg          , Gg          , Gg          , Gg          , Hh^Fmf      , Gs^Fmf      , Gs^Fp       , Gg          , Gs^Ft       , Gs^Ft       , Ww          , Ww          , Gs^Ft       , Ww          , Gs^Ft       , Ww          , Ww          , Ww          , Ww          , Wwrt        , Wwrt        , Wwrt        , Wwf         , Wwf         , Ww          , Wwf         , Ww          
Hh^Fmf      , Gs^Fmf      , Gs^Fmf      , Gs^Fmf      , Gs^Fmf      , Gg          , Gg          , Gs^Fp       , Hh^Fmf      , Hh^Fp       , Hh^Fp       , Gs^Fp       , Ss          , Ss          , Ww          , Ds          , Ss          , Ss          , Gs^Ft       , Ds          , Ds          , Wwf         , Ww          , Wwf         , Wwrt        , Wwrt        , Wwt         , Ww          , Wot         , Ww          , Wot         
Hh^Fmf      , Gs^Fmf      , Gs^Fmf      , Gs^Fmf      , Hh^Fmf      , Hh^Fmf      , Gs^Fmf      , Hh^Fmf      , Hh^Fp       , Hh^Fp       , Hh^Fp       , Hh^Fp       , Hh^Fp       , Ww          , Hh^Fp       , Ss          , Ss          , Ss          , Ss          , Gs^Ft       , Ds          , Wwf         , Wwf         , Wwf         , Ww          , Wwt         , Wot         , Wot         , Wot         , Wot         , Wot         
Gs^Fmf      , Gs^Fmf      , Gg^Efm      , Gg^Fet      , Rp          , Hh^Fp       , Hh          , Hh^Fp       , Rp          , Rp          , Rp          , Mm          , Ss          , Ss          , Hh^Fp       , Hh^Fp       , Gs^Ft       , Ss          , Ss          , Gs^Ft       , Gs^Ft       , Ds          , Wwf         , Ww          , Ww          , Wwt         , Wot         , Wot         , Wwrt        , Wot         , Wot         
Hh^Fmf      , Gg^Efm      , Gg^Efm      , Gg^Efm      , Rp          , Hh^Fp       , Mm          , Rp          , Ch          , Ch          , Ch          , Rp          , Mm          , Mm          , Mm          , Hh^Fp       , Gs          , Gs^Ft       , Gs^Ft       , Ss          , Gs^Ft       , Ds          , Ds          , Wwf         , Ww          , Wot         , Wot         , Wot         , Wot         , Wwrt        , Wwrt        
Hh^Fp       , Gg^Efm      , Hh^Fp       , Rp          , Rp          , Rp          , Rp          , Rp          , Ch          , 1 Kh        , Ch          , Rp          , Mm          , Mm^Vdzb     , Mm          , Hh^Fp       , Gs          , Gs          , Gs^Ft       , Ss          , Ss          , Ww          , Ds          , Ww          , Ww          , Wwt         , Wot         , Wot         , Wwrt        , Wwrt        , Wot         
Ww          , Hh^Fp       , Rp          , Rp          , Rp          , Rp          , Rp          , Rp          , Rp          , Ch          , Rp          , Rp          , Mm          , Mm          , Mm          , Hh^Fp       , Gs          , Gs^Ft       , Gs^Ft       , Gs^Ft       , Gs^Ft       , Gs^Ft       , Ds          , Ds          , Ww          , Wwt         , Ww          , Wwrt        , Wwrt        , Wot         , Wot         
Ww          , Hh^Fp       , Hh^Fp       , Mm          , Mm^Vd       , Mm          , Rp          , Rp          , Rp          , Rp          , Rp          , Rp          , Mm          , Mm          , Mm          , Hh^Fp       , Gg          , Gs^Ft       , Gs^Ft       , Gs^Ft       , Gs^Ft       , Gs^Ft       , Ds          , Ds          , Ds          , Ww          , Wwf         , Wwf         , Wot         , Wwrt        , Wwrt        
Hh^Fp       , Ww          , Hh^Fp       , Mm          , Mm          , Gs^Ft       , Rp          , Rp          , Rp          , Rp          , Mm          , Mm          , Mm          , Hh^Fp       , Hh^Fp       , Hh^Fp       , Gs          , Gs^Ft       , Gg          , Gg^Vdzc     , Gs^Ft       , Ds          , Ds          , Ds          , Ds          , Wwf         , Wwf         , Wot         , Wot         , Wwrt        , Wot         
Gg          , Ww          , Ww          , Hh^Fp       , Mm          , Mm          , Mm          , Rp          , Rp          , Rp          , Gg^Fet      , Mm          , Mm          , Hh^Fp       , Gg          , Gs          , Gs          , Gs          , Gs          , Gs^Ft       , Ds          , Gs^Ft       , Ds          , Ds^Dr       , Ds          , Wwf         , Ww          , Wwt         , Wot         , Wwrt        , Wot         
Gg          , Gg          , Ww          , Hh^Fp       , Hh^Fp       , Mm          , Mm          , Rp          , Rp          , Rp^Vd       , Gs^Fp       , Mm          , Hh^Fp       , Hh^Fp       , Gg          , Gs^Ft       , Gs^Ft       , Gs          , Gs          , Ds          , Ds          , Ds          , Ds          , Ds          , Ds          , Ds          , Ds          , Ww          , Wwt         , Wot         , Wot         
Hh^Fms      , Hh^Fms      , Ww          , Ww          , Hh^Fp       , Mm          , Mm          , Mm          , Mm          , Gg^Fet      , Mm          , Gs^Fp       , Gs^Fp       , Gg          , Gs^Ft       , Gs^Ft       , Gs^Ft       , Gs          , Gs^Ft       , Ds          , Ds          , Ds          , Ds          , Ds          , Dd^Vdze     , Ds          , Ww          , Ww          , Wwt         , Wwt         , Wot         
Mm          , Hh^Fp       , Mm          , Ww          , Ww          , Hh^Fp       , Mm          , Mm          , Mm          , Mm          , Hh^Fp       , Hh^Fp       , Gg          , Gg          , Gg          , Gs^Ft       , Gs^Ft       , Gs^Ft       , Gs^Ft       , Gs^Ft       , Gs^Ft       , Gs^Ft       , Ds          , Ds          , Ds          , Ds          , Ds          , Ww          , Wwt         , Wot         , Wot         
Mm          , Mm          , Hh^Fp       , Hh^Fms      , Ww          , Hh^Fp       , Hh^Fp       , Mm          , Hh^Fp       , Hh^Fp       , Gs          , Gs          , Gs^Ft       , Gg          , Gs^Ft       , Gs^Ft       , Gs^Ft       , Gs^Ft       , Gs^Ft       , Gs^Ft       , Ds          , Gs^Ft       , Ds          , Ds          , Ds          , Ds          , Ww          , Ww          , Wo          , Wot         , Wot         
Hh^Fp       , Mm          , Hh^Fp       , Gg^Vdze     , Ww          , Gs          , Gs          , Hh^Fp       , Gs          , Gs          , Gs          , Gg          , Gs^Ft       , Gg^Vdzd     , Gs^Ft       , Gs^Ft       , Gs^Ft       , Gs^Ft       , Ds          , Gs^Ft       , Ds          , Ds          , Ds          , Ds^Dr       , Ds          , Ww          , Wo          , Wo          , Wo          , Wot         , Wwrt        
Gs^Ft       , Hh^Fp       , Hh^Fp       , Ww          , Gs^Ft       , Gs          , Gs^Ft       , Gs          , Gs^Ft       , Gs^Ft       , Gs^Ft       , Gs^Ft       , Gs^Ft       , Gs^Ft       , Gs^Ft       , Gs^Ft       , Gs^Ft       , Gs^Ft       , Gs^Ft       , Ds          , Ds          , Ds          , Ds          , Ds          , Ww          , Wwf         , Wwf         , Wo          , Wwrt        , Wwrt        , Wwrt        
Gg          , Gs^Ft       , Gs^Ft       , Ww          , Ds          , Gs^Ft       , Gs^Ft       , Gs^Ft       , Gs^Ft       , Gs^Ft       , Gs^Ft       , Gs^Ft       , Ds          , Gs^Ft       , Gs^Ft       , Gs^Ft       , Ds          , Gs^Ft       , Gs^Ft       , Ds          , Ds          , Dd^Vdze     , Ds          , Ds          , Ww          , Wwf         , Wwf         , Wo          , Wo          , Wot         , Wot         
Ww          , Ww          , Ww          , Ww          , Ww          , Wwf         , Wwf         , Ds          , Wwf         , Ds          , Ds          , Ds          , Ds          , Gs^Ft       , Ds          , Gs^Ft       , Ds          , Gs^Ft       , Gs^Ft       , Gs^Ft       , Ds          , Ds          , Ds          , Wwf         , Wwf         , Wwf         , Wo          , Wwf         , Wo          , Wot         , Wot         
Wwt         , Ww          , Ww          , Ww          , Ww          , Ww          , Ww          , Wwf         , Wwf         , Wwf         , Wwf         , Wwf         , Ds          , Ds          , Ds          , Ds          , Ds          , Ds          , Ds          , Ds          , Ds          , Ds          , Wwf         , Ww          , Wwf         , Wo          , 2 Khw       , Wo          , Wo          , Wot         , Wot         
Wwt         , Wwt         , Wwt         , Wwt         , Wwt         , Ww          , Ww          , Ww          , Ww          , Ww          , Wwt         , Ww          , Ww          , Wwf         , Wwf         , Wwf         , Wwf         , Wwf         , Wwf         , Wwf         , Ww          , Wwf         , Ww          , Wwf         , Wwf         , Wo          , Wo          , Wo          , Wot         , Wwrt        , Wwrt        
Wot         , Wot         , Wot         , Wwt         , Wot         , Wwt         , Wwt         , Ww          , Wwt         , Wwt         , Wot         , Wwt         , Wwt         , Ww          , Wwt         , Ww          , Wwt         , Ww          , Wwt         , Ww          , Wwt         , Ww          , Wot         , Wot         , Wot         , Wo          , Wot         , Wo          , Wot         , Wwrt        , Wot         
Wot         , Wot         , Wot         , Wot         , Wot         , Wot         , Wot         , Wwt         , Wot         , Wot         , Wot         , Wot         , Wot         , Wwt         , Wot         , Wwt         , Wot         , Wwt         , Wot         , Wwt         , Wot         , Wot         , Wot         , Wot         , Wot         , Wot         , Wot         , Wot         , Wot         , Wot         , Wot         
Wot         , Wot         , Wot         , Wot         , Wot         , Wot         , Wot         , Wot         , Wot         , Wot         , Wot         , Wot         , Wot         , Wot         , Wot         , Wot         , Wot         , Wot         , Wot         , Wot         , Wot         , Wot         , Wot         , Wot         , Wot         , Wot         , Wo          , Wot         , Wo          , Wot         , Wot         
