border_size=1
usage=map

Wot         , Wot         , Wot         , Wot         , Wot         , Wot         , Wot         , Wot         , Wot         , Wot         , Wot         , Wot         , Wot         , Wot         , Wot         , Wot         , Wot         , Wot         , Wot         , Wot         , Wot         , Wot         , Wot         , Wot         , Wot         , Wot         , Wot         , Wot         
Wot         , Wot         , Wot         , Wot         , Ds          , Wot         , Ds          , Wot         , Wot         , Wot         , Wot         , Wot         , Wot         , Wot         , Wot         , Wot         , Wo          , Wo          , Ds          , Wo          , Ds          , Wo          , Wot         , Wot         , Wot         , Wot         , Wot         , Wot         
Wot         , Wot         , Ds          , Dd          , Md          , Ds          , Ds          , Wo          , Wot         , Wot         , Wot         , Chw         , Wot         , Wot         , Wot         , Wot         , Ds          , Ds          , Dd^Vdt      , Ds          , Md          , Ds          , Chw         , Wot         , Wo          , Wot         , Wot         , Wot         
Wot         , Wot         , Ds          , Md          , Dd^Vdt      , Wwf         , Wwf         , Wo          , Wo          , Wot         , Wot         , Wot         , Wot         , Wot         , Wo          , Wo          , Md          , Ds          , Ds          , Ds          , Ww          , Chw         , 2 Khw       , Chw         , Wo          , Wot         , Wot         , Wot         
Wot         , Wot         , Wo          , Md          , Ds          , Ds          , Wwf         , Wwf         , Ds          , Wo          , Wo          , Wo          , Wo          , Wo          , Wo          , Ds          , Ds          , Ds          , Wo          , Wo          , Wo          , Chw         , Chw         , Chw         , Ds          , Wo          , Wot         , Wot         
Wot         , Wot         , Wo          , Wo          , Wwf         , Wo          , Wo          , Ds          , Hd          , Ds          , Ds          , Wwf         , Wwf         , Wwf         , Chw         , Wwf         , Dd^Vdt      , Ds          , Wo          , Wo          , Wo          , Ww          , Ds          , Ds          , Ds          , Wo          , Wot         , Wot         
Wot         , Wot         , Wo          , Wwf         , Wwf         , Wo          , Ds          , Ds          , Ds          , Hd          , Ds          , Wwf         , Wwf         , Wwf         , Wwf         , Wwf         , Wwf         , Ds          , Ds          , Wwf         , Ds          , Ds          , Dd^Vdt      , Ds          , Wo          , Wo          , Wot         , Wot         
Wo          , Wo          , Ds          , Wwf         , Wwf         , Wo          , Wwf         , Chw         , Ds          , Dd^Vda      , Ds          , Ds          , Ww          , Wwf         , Ds          , Wwf         , Ww          , Ww          , Ww          , Ww          , Ww          , Wwf         , Wwf         , Wwf         , Wo          , Wot         , Wot         , Wot         
Wo          , Ds          , Dd^Vdt      , Ds          , Wwf         , Wwf         , Wwf         , Ds          , Ds          , Ds          , Wo          , Wo          , Chw         , Ww          , Ww          , Ww          , Chw         , Ww          , Wo          , Chw         , Wo          , Wo          , Wwf         , Wo          , Wot         , Wot         , Wot         , Wot         
Wo          , Ds          , Ds          , Ds          , Ds          , Wwf         , Wwf         , Wwf         , Wo          , Wo          , Wot         , Wot         , Wot         , Ww          , Chw         , Ww          , Wo          , Wo          , Wot         , Wo          , Wo          , Wo          , Wwf         , Wo          , Wot         , Wot         , Wot         , Wot         
Wo          , Wo          , Ds          , Ds          , Wo          , Wo          , Wo          , Wwf         , Wwf         , Wo          , Wo          , Wo          , Wo          , Wwf         , Wo          , Wo          , Wot         , Wot         , Wo          , Wo          , Wwf         , Wwf         , Wwf         , Wo          , Wot         , Wot         , Wot         , Wot         
Wot         , Wo          , Wo          , Wo          , Wot         , Wo          , Wo          , Wwf         , Ds          , Ds          , Ds          , Wwf         , Wwf         , Wwf         , Wo          , Wot         , Wot         , Wot         , Wo          , Wwf         , Ds          , Wwf         , Ds          , Wwf         , Wot         , Wot         , Wot         , Wot         
Wot         , Wot         , Wot         , Wot         , Wot         , Wot         , Wo          , Ds          , Dd^Vda      , Ds          , Md          , Ds          , Wwf         , Wwf         , Wwf         , Wo          , Wo          , Wo          , Ds          , Ds          , Md          , Md          , Ds          , Ds          , Wot         , Wot         , Wot         , Wot         
Wot         , Wot         , Wot         , Wot         , Wot         , Wot         , Wo          , Ds          , Ds          , Ds          , Md          , Ds          , Ds          , Ds          , Ds          , Wwf         , Wwf         , Wwf         , Ds          , Ds          , Dd          , Md          , Ds          , Ds          , Ds          , Wot         , Wot         , Wot         
Wot         , Wot         , Wot         , Chw         , Wot         , Wot         , Wot         , Wwf         , Wwf         , Ds          , Md          , Md          , Ds          , Dd^Vdt      , Ds          , Wwf         , Wwf         , Wwf         , Wwf         , Ds          , Ds          , Ds          , Ds          , Dd^Vdt      , Ds          , Wo          , Wot         , Wot         
Wot         , Wot         , Wot         , Wot         , Wot         , Wot         , Wwt         , Wwt         , Wwf         , Ds          , Ds          , Md          , Ds          , Ds          , Wot         , Wwf         , Wot         , Wwf         , Wo          , Ds          , Dd^Vda      , Dd          , Ds          , Ds          , Wot         , Wo          , Wot         , Wot         
Wot         , Wot         , Wot         , Wot         , Wot         , Wot         , Ww^Vm       , Wwt         , Wwt         , Ds          , Wwf         , Ds          , Wwf         , Wwt         , Wot         , Wot         , Wot         , Wot         , Wot         , Wo          , Ds          , Ds          , Ds          , Wot         , Wot         , Wot         , Wot         , Wot         
Wot         , Wot         , Wot         , Wot         , Wot         , Wwt         , Wwt         , Wwt         , Wot         , Wwt         , Wwt         , Wwf         , Wwf         , Wwf         , Wot         , Wot         , Wot         , Wot         , Wwrt        , Wot         , Wot         , Wot         , Wot         , Wot         , Wwrt        , Wot         , Wot         , Wot         
Wot         , Wot         , Wot         , Wot         , Wot         , Wot         , Wot         , Wot         , Wot         , Wot         , Wwf         , Wwf         , Wwf         , Wwt         , Wwrt        , Wot         , Wot         , Wwrt        , Wwrt        , Wot         , Wot         , Wot         , Wot         , Wwrt        , Wwrt        , Wot         , Wot         , Wot         
Wot         , Wot         , Wot         , Wot         , Wot         , Wot         , Wot         , Wot         , Wot         , Wot         , Wwt         , Wwf         , Chw         , Ds          , Dd^Vdt      , Ds          , Wot         , Wot         , Wot         , Wot         , Wot         , Wot         , Wot         , Wwrt        , Wot         , Wot         , Wot         , Wot         
Wot         , Wot         , Wot         , Wot         , Wwrt        , Wot         , Wot         , Wot         , Wot         , Wot         , Ds          , Chw         , Ke          , Ds          , Ds          , Ds          , Wot         , Wot         , Wot         , Wot         , Wot         , Wot         , Wot         , Wot         , Ww^Vm       , Wot         , Wot         , Wot         
Wot         , Wot         , Wwrt        , Wwrt        , Wwrt        , Wwrt        , Wot         , Wot         , Wot         , Wot         , Ds          , Chw         , Chw         , Chw         , Ds          , Ds          , Wot         , Wot         , Wo          , Ds          , Ds          , Wot         , Wot         , Wot         , Wot         , Wot         , Wot         , Wot         
Wot         , Wot         , Wot         , Wot         , Wot         , Wot         , Wot         , Wot         , Wot         , Wot         , Wot         , Ds          , Ds          , Ds          , Wot         , Wot         , Wot         , Wot         , Ds          , Ds          , Ds          , Wo          , Wot         , Wot         , Wot         , Wot         , Wot         , Wot         
Wot         , Wot         , Wot         , Wot         , Wot         , Wot         , Wot         , Wot         , Wwrt        , Wot         , Wot         , Wot         , Wot         , Wot         , Wot         , Wot         , Wot         , Wot         , Ds          , Dd^Vda      , Wot         , Wot         , Wot         , Wot         , Wot         , Wot         , Wot         , Wot         
Wot         , Wot         , Wot         , Wot         , Wot         , Wot         , Wot         , Wot         , Wwrt        , Wwrt        , Wot         , Wot         , Wot         , Wot         , Wot         , Wot         , Wot         , Ds          , Wot         , Ds          , Wot         , Wot         , Wwrt        , Wwrt        , Wwrt        , Wot         , Wot         , Wot         
Wot         , Wot         , Wot         , Wot         , Wot         , Wot         , Wot         , Wwrt        , Wot         , Wwrt        , Wwrt        , Wot         , Wot         , Wot         , Wot         , Wot         , Wot         , Wot         , Wot         , Wot         , Wot         , Wot         , Wwrt        , Wwrt        , Wot         , Wot         , Wot         , Wot         
Wot         , Wot         , Wot         , Wot         , 1 Wot       , Wot         , Wot         , Wot         , Wot         , Wot         , Wot         , Wot         , Wot         , Wot         , Wwrt        , Wot         , Wwrt        , Wot         , Wot         , Wot         , Wot         , Wot         , Wwt         , Wwrt        , Wwrt        , Wot         , Wot         , Wot         
Wot         , Wot         , Wot         , Wot         , Wot         , Wot         , Wot         , Wot         , Wot         , Wot         , Wot         , Wot         , Wot         , Wwrt        , Wwrt        , Wwrt        , Wot         , Wot         , Wot         , Wot         , Wot         , Ww^Vm       , Wot         , Wwrt        , Wot         , Wot         , Wot         , Wot         
Wot         , Wot         , Wot         , Wot         , Wot         , Wot         , Wot         , Wot         , Wot         , Wot         , Wot         , Wot         , Wot         , Wot         , Wot         , Wot         , Wot         , Wot         , Wot         , Wot         , Wot         , Wot         , Wot         , Wot         , Wot         , Wot         , Wot         , Wot         
Wot         , Wot         , Wot         , Wot         , Wot         , Wot         , Wot         , Wot         , Wot         , Wot         , Wot         , Wot         , Wot         , Wot         , Wot         , Wot         , Wot         , Wot         , Wot         , Wot         , Wot         , Wot         , Wot         , Wot         , Wo          , Wot         , Wot         , Wot         
