border_size=1
usage=map

Wot         , Wot         , Wot         , Wot         , Wot         , Wot         , Wot         , Wot         , Wot         , Wot         , Wot         , Wot         , Wot         , Wot         , Wot         , Wot         , Wwrt        , Wot         , Wot         , Wwt         , Wwt         , Wwt         , Wwt         , Wwt         , Ww          , Ds          , Ds          , Ds          , Ds          , Gs^Ft       , Ds          , Gs^Ft       , Gs^Ft       , Gs^Ft       , Gs^Ft       , Gs^Ft       , Gs^Ft       , Gs^Ft       , Gs^Ft       , Gs^Ft       
Wwrt        , Wot         , Wot         , Wot         , Wot         , Wot         , Wwrt        , Wwrt        , Wot         , Wot         , Wot         , Wot         , Wwt         , Wot         , Ww^Vm       , Wot         , Wot         , Wwrt        , Wwrt        , Wot         , Wot         , Wwt         , Wwt         , Wwt         , Wwt         , Ww          , Ww          , Ds          , Ds          , Ds          , Ds          , Ds          , Ds          , Ds          , Ds          , Ds          , Ds          , Ds          , Ds          , Ds          
Wwrt        , Wwrt        , Wot         , Wot         , 1 Wot       , Wot         , Wot         , Wwrt        , Wot         , Wot         , Wwt         , Wwt         , Ww          , Wwt         , Wwt         , Wot         , Wot         , Wwrt        , Wwrt        , Wot         , Wot         , Ww^Vm       , Wot         , Wot         , Wot         , Wwt         , Ww          , Ww          , Ww          , Ww          , Ww          , Ds          , Ww          , Ww          , Ww          , Ds          , Ww          , Ds          , Ww          , Ds          
Wot         , Wot         , Wot         , Wot         , Wot         , Wot         , Wwt         , Wot         , Wwt         , Wwt         , Ww          , Ww          , Ds          , Ww          , Ww          , Wwt         , Wwt         , Wot         , Wot         , Wot         , Wot         , Wot         , Wot         , Wot         , Wot         , Wwt         , Wot         , Ww          , Ww^Vm       , Ww          , Wwt         , Ww          , Wwt         , Wwt         , Wwt         , Ww          , Wwt         , Ww          , Wwt         , Ww          
Wot         , Wot         , Wot         , Wot         , Wot         , Wwt         , Wwt         , Wwt         , Wwt         , Ww          , Ds          , Ds          , Ds          , Chw         , Ww          , Wwt         , Wwt         , Wot         , Wwt         , Wot         , Wot         , Wwrt        , Wwrt        , Wot         , Wot         , Wot         , Wot         , Wot         , Wot         , Wwt         , Wot         , Wwt         , Wot         , Wot         , Wot         , Wwt         , Wot         , Wwt         , Wot         , Wwt         
Wwt         , Wot         , Wwt         , Wot         , Wwt         , Wwt         , Ww          , Wwt         , Ww          , Ww          , Ds          , Dd          , Ds          , Chw         , Ds          , Ww          , Ww          , Wwt         , Wwt         , Wwt         , Wot         , Wot         , Wot         , Wot         , Wwrt        , Wot         , Wot         , Wot         , Wot         , Wot         , Wot         , Wot         , Wot         , Wot         , Wo          , Wot         , Wo          , Wot         , Wo          , Wot         
Wwt         , Wwt         , Wwt         , Wwt         , Ww          , Ww          , Ds          , Ww          , Ds          , Ds          , Dd^Vda      , Ds          , Ds          , Ds          , Chw         , Chw         , Ds          , Ww          , Ww          , Wwt         , Wwt         , Wot         , Wot         , Wot         , Wwt         , Wwt         , Wwt         , Wwrt        , Ww          , Wwrt        , Ww          , Wwrt        , Ww          , Wwrt        , Ww          , Ww          , Ww          , Ww          , Ww          , Wo          
Ww          , Wwt         , Ww          , Ww          , Ds          , Ds          , Ds          , Ds          , Ds          , Ds          , Ds          , Ds          , Dd^Dc       , Ds          , Ds          , Ds          , Dd^Dc       , Ds          , Wwf         , Wwt         , Wwt         , Wot         , Wot         , Wwt         , Ww          , Ww          , Ds          , Ww          , Ds          , Ww          , Ww          , Ww          , Ww          , Ww          , Ww          , Ww          , Ww          , Ww          , Ww          , Ww          
Ww          , Ww          , Ds          , Ds          , Dd^Vdt      , Ds          , Ds          , Dd^Dc       , Ds          , Ds          , Gs^Ft       , Ds          , Ds          , Ds          , Ds          , Ds          , Ds          , Ds          , Ds          , Ww          , Ww          , Wot         , Wot         , Wot         , Wo          , Ww          , Ww          , Ds          , Dd^Dc       , Ds          , Ds          , Wwf         , Ds          , Wwf         , Ds          , Ds          , Ds          , Ds          , Ds          , Ww          
Ds          , Ds          , Ds          , Ds          , Ds          , Ds          , Ds          , Ds          , Gg          , Gg          , Gg          , Gg          , Gg          , Gs^Ft       , Gs^Ft       , Ds          , Ds          , Dd^Vdt      , Ds          , Wwf         , Ww          , Ww          , Wo          , Wot         , Ww          , Ww          , Ww^Bw/      , Ds          , Ds          , Ds          , Ds          , Ds          , Ds          , Ds          , Ds          , Ds          , Ds          , Dd^Vdt      , Ds          , Ds          
Ds          , Ds          , Gg          , Gg          , Gg          , Gs^Ft       , Gs^Ft       , Gs^Ft       , Gg          , Gs^Fds      , Gs^Fds      , Gs^Fds      , Gg          , Gg          , Gg          , Gs^Ft       , Ds          , Ds          , Dd^Dc       , Ds          , Wwf         , Ww          , Ww          , Wo          , Wo^Bw/      , Ww^Bw/      , Ww          , Ww          , Ds          , Dd^Vda      , Ds          , Ds          , Gs^Ft       , Gs^Ft       , Gs          , Gs^Ft       , Gs^Ft       , Ds          , Gg          , Ds          
Gg          , Ds          , Gg          , Gs^Ft       , Gs^Ft       , Gg          , Gg          , Gg          , Gs^Fds      , Gs^Fds      , Gs^Fds      , Gs^Fds      , Gg          , Ss          , Ss          , Gg          , Gs^Ft       , Ds          , Ds          , Ds          , Ds          , Wwf         , Ww^Bw/      , Wo^Bw/      , Wo          , Ww          , Wo          , Ww          , Ww          , Ds          , Ds          , Gs^Ft       , Gg          , Gg          , Gg          , Gg          , Gs          , Gg          , Hh^Fmw      , Gg          
Gg          , Gg          , Gg          , Gg          , Gg          , Gg          , Ss          , Gg          , Gg          , Gg          , Gg          , Gg          , Ss          , Ss          , Gg          , Gg          , Gg          , Ds          , Ce          , Ds          , Ds          , Ww^Bw/      , Wwf         , Wwr         , Wo          , Wo          , Wo          , Ww          , Ww          , Ds          , Ds          , Ds          , Gg          , Gg^Vo       , Gg          , Hh^Fmw      , Hh^Fdw      , Hh          , Mm          , Hh^Fdw      
Ss          , Ss          , Gs          , Ss          , Ss          , Ss          , Ss          , Gg          , Gg          , Gg          , Gg          , Ss          , Ss^Vm       , Gs          , Gg          , Gs^Ft       , Gs^Ft       , Ce          , 4 Ke        , Ce          , Ds          , Wwf         , Wwf         , Wwr         , Wo          , Wot         , Wo          , Wo          , Ww          , Ss          , Ss          , Gs          , Gs          , Gg          , Hh^Fmw      , Hh^Fdw      , Mm          , Mm          , Mm          , Mm          
Ss          , Gs          , Ss          , Ss^Vhs      , Gs          , Ss          , Ss          , Ss          , Gg          , Gg          , Ss          , Ss          , Ss          , Ss          , Ss          , Ss          , Gs^Ft       , Ce          , Ce          , Ce          , Ds          , Ds          , Ww          , Ww          , Ww          , Wo          , Wo          , Ww          , Ww          , Ss          , Ss          , Gs          , Ce          , Gg          , Gg          , Hh^Fdw      , Hh^Fdw      , Mm          , Mm          , Mm          
Ss          , Gs          , Ss          , Ss          , Gs          , Gs          , Gs          , Ss          , Gs          , Ss          , Ss          , Ss          , Ss          , Gs          , Gs          , Gg          , Gg          , Gg          , Ds          , Ds          , Ds          , Ds          , Ww          , Ww          , Ww          , Wo          , Wo          , Wo          , Ww          , Ww          , Ss          , Ce          , 3 Ke        , Ce          , Gg          , Hh^Fdw      , Hh^Fdw      , Mm          , Mm          , Mm          
Gg          , Ss          , Ss          , Ss          , Ss          , Ss          , Gs          , Ss          , Ss          , Gs          , Ss          , Ss          , Gs          , Gs          , Ss          , Gg          , Ss          , Gg          , Gs^Ft       , Ds          , Ds          , Ds          , Ds          , Ww          , Ww          , Wwr         , Wo          , Wo          , Wo          , Ww          , Ss          , Ce          , Ce          , Ce          , Gg          , Gg          , Hh^Fdw      , Hh^Fdw      , Mm          , Mm          
Ss          , Ss          , Ss          , Ss          , Chs         , Ss          , Ss          , Ss          , Ss^Vhs      , Ss          , Ss          , Ss          , Ss          , Ss          , Ss          , Ss^Vm       , Gg          , Gg          , Gs^Ft       , Ds          , Ds          , Ds          , Ds          , Ww          , Ww          , Wwr         , Wo          , Wot         , Wo          , Ww          , Ww          , Ss          , Ss          , Gs          , Ss          , Gg          , Gg^Vo       , Hh^Fdw      , Mm          , Mm          
Gs          , Gs          , Gs          , Chs         , 2 Khs       , Chs         , Ss          , Ss          , Ss          , Ss          , Gs          , Ss          , Gs          , Ss          , Gs          , Ss          , Gs          , Gs          , Gs          , Ds          , Ds          , Ds          , Dd^Vdt      , Ds          , Ww          , Ww          , Ww          , Wo          , Wo          , Ww^Vm       , Ww          , Ww          , Ww          , Ss          , Ss          , Gg          , Gg          , Hh^Fdw      , Hh^Fdw      , Mm          
Ss          , Ss          , Ss          , Chs         , Chs         , Chs         , Gs          , Ss          , Ss          , Ss          , Ss          , Gs          , Gs          , Gs          , Gs          , Gs          , Gs          , Gs          , Gs          , Gs^Ft       , Ds          , Ds          , Ds          , Ds          , Ds          , Ww          , Ww          , Ww          , Wo          , Wo          , Wo          , Ww          , Ww          , Ww          , Ss          , Gs          , Gs          , Gg          , Hh^Fdw      , Mm          
Ss          , Ss          , Ss          , Ss          , Ss          , Ss          , Gs          , Gs          , Ss          , Ss          , Ss          , Ss          , Ss          , Ss          , Ss          , Ss          , Ss          , Gs          , Ss          , Gs          , Gs          , Ds          , Ds          , Ds          , Dd^Dc       , Ds          , Wwf         , Ww          , Ww          , Wo          , Wo          , Ww          , Ww          , Ww          , Ww          , Ss          , Ss          , Gg          , Gg          , Hh^Fdw      
Gs          , Ss          , Gs          , Gs          , Gs          , Gs          , Gs          , Ss          , Gs          , Ss          , Ss          , Ss          , Ss^Vm       , Ss          , Ss          , Ss          , Chs         , Ss          , Chs         , Ss          , Ss          , Gs^Ft       , Ds          , Ds          , Ds          , Ds          , Ds          , Wwf         , Wwf         , Ww          , Ww          , Wo          , Wo          , Ww          , Wo          , Ww          , Ww          , Ss          , Gs          , Gg          
Gg          , Gg          , Gg          , Gs          , Ss^Vhs      , Gs          , Gg          , Gg          , Gs          , Gs          , Gs          , Gs          , Gs          , Gs          , Gs          , Ss          , Ss          , 5 Khs       , Chs         , Ss          , Gs          , Gs^Ft       , Gs^Ft       , Ds          , Ds          , Ds          , Dd^Vdt      , Ds          , Ds          , Wwr         , Wwr         , Ww          , Ww          , Ww          , Ww          , Ww          , Ww          , Ss          , Ss          , Gg          
Ss          , Gg          , Ss          , Ss          , Ss          , Ss          , Ss          , Gg          , Ss          , Gs          , Ss          , Ss          , Gs          , Ss          , Ss          , Ss          , Ss          , Ss          , Ss          , Ss          , Gs          , Gs          , Ss          , Gs^Ft       , Gs^Ft       , Ds          , Ds          , Ds          , Ds          , Ds          , Wwf         , Ww          , Ww          , Ww          , Ww          , Wo          , Wo          , Ww          , Ww          , Ss          
Ss          , Ss          , Ss          , Ss          , Ss          , Ss          , Gg          , Ss          , Ss          , Ss          , Gg          , Ss          , Ss          , Ss          , Gg          , Ss          , Gg          , Ss          , Gg          , Gs          , Gs          , Ss          , Ss          , Ss          , Ss          , Gs^Ft       , Gs^Ft       , Ds          , Ds          , Ds          , Ds          , Wwf         , Wwr         , Wwr         , Ww          , Ww          , Wo          , Ww          , Ww          , Ss          
