border_size=1
usage=map

Ds          , Aa          , Aa          , Aa          , Aa          , Aa          , Aa          , Aa          , Aa          , Aa          , Aa          , Aa          , Aa          , Aa          , Aa          , Aa          , Aa          , Ds          , Ds          , Ds          , Aa          , Aa          , Aa          , Aa          , Aa          , Aa          , Aa          , Ha          , Ha^Fma      , Ha^Fma      , Ms          , Ms          , Ms          , Ms          , Ha^Fma      
Ds          , Ds          , Ds          , Aa          , Ch          , Aa          , Aa          , Aa          , Rp          , Aa          , Rp          , Aa          , Rp          , Aa          , Ch          , Aa          , Aa          , Aa          , Ds          , Ds          , Aa          , Aa          , Aa          , Aa          , Ds          , Ds          , Aa          , Aa          , Ha^Voa      , Ha^Fma      , Ha^Fma      , Ms          , Ms          , Ha^Fma      , Ha^Fma      
Aa          , Dd^Vdt      , Ds          , Aa          , Rp          , Rp          , Rp          , Aa          , Rp          , Rp          , Rp          , Rp          , Rp          , Rp          , Rp          , Rp          , Aa          , Dd^Vdt      , Ds          , Ds          , Ds          , Aa          , Aa          , Aa          , Ds          , Ds          , Ds          , Aa          , Aa          , Ha          , Ha^Fma      , Ms          , Ha^Fpa      , Ha^Fpa      , Ai          
Aa          , Ds          , Rp          , Aa          , Rp          , Rp          , Aa          , Rp          , Rp          , Rp          , Rp          , Aa          , Aa          , Rp          , Rp          , Aa          , Rp          , Aa          , Rp          , Rp          , Rp          , Rp          , Aa          , Ds          , Aa          , Rp          , Rp          , Rp          , Aa          , Aa          , Ha^Fma      , Ha^Fpa      , Ww          , Ww          , Ai          
Rp          , Rp          , Rp          , Rp          , Ch          , Rp          , Aa          , Rp          , Ch          , Ch          , Ch          , Rp          , Rp          , Rp          , Ch          , Rp          , Rp          , Aa          , Rp          , Rp          , Chw         , Aa          , Rp          , Aa          , Aa          , Aa          , Ch          , Rp          , Aa          , Aa          , Ha^Fpa      , Ha^Fpa      , Ww          , Ha^Fpa      , Ha^Fpa      
Aa          , Rp          , Rp          , Rp          , Rp          , Rp          , Rp          , Rp          , Ch          , 3 Kh        , Ch          , Rp          , Rp          , Rp          , Rp          , Rp          , Aa          , Rp          , Ai          , Ai          , Ds          , Ww          , Ww          , Rp          , Gs^Fms      , Aa          , Aa          , Aa          , Aa          , Ha^Fpa      , Ww          , Ww          , Ha^Fpa      , Ha^Fpa      , Ms          
Aa          , Ch          , Aa          , Aa          , Rp          , Rp          , Rp          , Rp          , Rp          , Ch          , Rp          , Rp          , Rp          , Aa          , Aa          , Aa          , Aa^Voa      , Aa          , Wwf         , Ds          , Ds          , Ds          , Wwf         , Gs^Fms      , Ce          , Ce          , Ce          , Rd          , Rd          , Ha^Fpa      , Ww          , Ha^Fpa      , Ha^Vhha     , Ms          , Ms          
Gg          , Aa          , Gg          , Aa          , Ch          , Rp          , Rp          , Rp          , Rp          , Rp          , Rp          , Rp          , Rp          , Rp          , Ch          , Gs          , Gs          , Gs          , Ww          , Ds          , Ds          , Ds          , Ww          , Gs^Fms      , Ce          , 4 Ke        , Ce          , Ha^Fda      , Ai          , Ww^Bw\      , Ss^Bw\      , Ha^Fpa      , Ha^Fma      , Ms          , Ms          
Gs          , Gg          , Gg^Vo       , Gg          , Gs          , Aa          , Aa          , Rp          , Aa          , Rp          , Rp          , Rp          , Aa          , Aa          , Gs          , Gs          , Ww          , Ww          , Aa          , Ww          , Ww          , Ww          , Ai          , Gs^Fms      , Ss          , Ce          , Aa^Fma      , Ha^Fpa      , Ww          , Ww          , Ss          , Rd          , Rd          , Ha^Fma      , Aa^Fda      
Gs          , Gg          , Gg          , Gg          , Aa^Fpa      , Aa          , Gs          , Ch          , Aa          , Aa          , Aa          , Ch          , Gs          , Aa          , Aa          , Aa          , Ww          , Aa          , Ai          , Ai          , Ww          , Ai          , Ww          , Ss          , Ww          , Ss          , Ss          , Ww          , Ss          , Ss          , Ss          , Ss          , Rd          , Ha^Fda      , Aa^Fda      
Aa          , Aa^Fma      , Aa          , Aa^Fpa      , Aa^Fpa      , Gs          , Gg          , Gg          , Gg          , Aa          , Gs          , Gs          , Gs          , Ai          , Ww          , Ww          , Ai          , Ai          , Aa^Voa      , Ai          , Ai          , Ww          , Ai          , Ww          , Ss          , Ww          , Ww          , Ww          , Ss          , Ss^Vhs      , Gs          , Aa^Fma      , Rd          , Gs          , Aa          
Aa^Fma      , Aa^Fma      , Aa          , Aa          , Gs^Fmw      , Aa^Fpa      , Aa          , Gs          , Aa          , Gs          , Gs          , Gs          , Ww^Bw\      , Ww          , Ss          , Aa          , Aa          , Aa          , Aa^Fma      , Aa          , Aa          , Ai          , Aa          , Ai          , Gs^Fms      , Gs^Fms      , Aa^Fma      , Ai          , Gs          , Gs          , Gs          , Aa          , Gs          , Rd          , Rd          
Aa^Fma      , Aa          , Aa          , Gs^Fmw      , Gs^Fmw      , Aa          , Aa^Fpa      , Aa          , Aa^Fpa      , Aa^Voa      , Aa^Fpa      , Gs          , Ww          , Rd          , Rd          , Ss          , Gs          , Aa^Fma      , Gs          , Aa^Fma      , Gs          , Aa          , Gs          , Aa^Fma      , Aa^Fma      , Gs^Fmw      , Aa^Fda      , Aa^Fma      , Gs          , Gs          , Gs          , Gs          , Gs          , Gs          , Rd          
Aa^Fpa      , Aa^Fma      , Aa^Voa      , Aa          , Aa^Fpa      , Aa^Fma      , Ai          , Aa^Fpa      , Ww          , Aa          , Ww          , Ww          , Gs          , Gs          , Rd          , Rd          , Rd          , Gs          , Rd          , Gs          , Gs          , Gs          , Gs          , Aa^Voa      , Gs          , Aa^Fma      , Aa          , Aa^Fma      , Aa^Fda      , Gs          , Gs          , Gs          , Aa          , Aa          , Aa          
Aa^Fda      , Aa^Fma      , Gs^Fmw      , Aa^Fda      , Ai          , Ai          , Aa^Fpa      , Ww          , Aa          , Ww          , Aa^Fma      , Aa^Fma      , Gg          , Gg          , Rd          , Co          , Gg          , Rd          , Gg          , Rd          , Rd          , Rd          , Rd          , Gs          , Rd          , Gs          , Gs          , Gs          , Gs          , Gs          , Gs          , Aa^Fma      , Aa^Voa      , Aa          , Gs          
Aa^Fma      , Aa^Fma      , Ww          , Ww          , Gs^Fmw      , Aa^Fma      , Gs^Fmf      , Aa^Fpa      , Gg          , Aa          , Gg          , Aa^Fma      , Gg          , Rd          , Gg          , Gg          , Aa^Fpa      , Gg          , Aa          , Gg          , Gg          , Gg          , Gg          , Rd          , Gg          , Rd          , Rd          , Rd          , Rd          , Gs          , Rd          , Gs          , Gs          , Gs          , Gs          
Aa^Fma      , Aa^Fma      , Ai          , Ww          , Aa          , Aa^Fma      , Gs^Fms      , Gs^Fms      , Gg          , Gg          , Gg^Vo       , Gg          , Rd          , Rd          , Gg          , Gg          , Gg          , Aa          , Aa^Fma      , Gg          , Gg          , Gg          , Gs^Fms      , Gg          , Gs^Fms      , Gg          , Gg          , Gg          , Gg          , Rd          , Gg          , Rd          , Rd          , Rd          , Rd          
Aa          , Ai          , Aa          , Aa          , Gs          , Gg          , Gg          , Gg          , Gg          , Gg          , Gg          , Gg          , Rd          , Gg          , Aa          , Gg          , Gs^Fms      , Gg          , Gg          , Aa          , Gg          , Gg          , Aa          , Gs^Fmf      , Aa          , Gs^Fmw      , Aa          , Ss          , Ss          , Gg          , Gg          , Gg          , Gg          , Gg          , Gg          
Ai          , Ai          , Aa          , Gg          , Gg^Vc       , Gg          , Aa^Fma      , Aa^Fma      , Aa          , Aa          , Gg          , Rd          , Gg          , Gg          , Aa          , Gg          , Gg          , Gs^Fms      , Gg          , Aa          , Aa          , Gg          , Gg          , Aa          , Aa^Voa      , Aa          , Ai          , Ss          , Gg          , Gg          , Gg          , Aa^Fma      , Aa          , Gg          , Gg          
Aa^Fda      , Aa          , Gg          , Gg          , Gg          , Gg          , Aa          , Ha^Fpa      , Aa          , Gg          , Rd          , Rd          , Gg          , Gg          , Aa^Fma      , Aa          , Gg          , Gg          , Gg          , Aa          , Gg          , Gg          , Gg          , Aa          , Aa          , Aa          , Gg          , Ss          , Gg          , Gg          , Gg          , Gg          , Gg          , Gg          , Gg          
Aa^Fda      , Aa^Fda      , Gg          , Gg          , Gg          , Gg          , Gg          , Aa          , Gg          , Gg          , Rd          , Gg          , Gg          , Aa          , Aa          , Gg          , Gg          , Gg^Vo       , Gg          , Gg          , Gg          , Gg          , Gg          , Gg          , Gg          , Gg          , Gg          , Gg          , Ce          , Ce          , Ce          , Gg          , Gg          , Gg^Vh       , Gg          
Aa^Fda      , Gg          , Aa          , Gg          , Ce          , Ce          , Ce          , Gg          , Gg          , Rd          , Gg          , Gg          , Gs^Fp       , Gg          , Gg          , Gg          , Gg          , Gg          , Aa          , Gg          , Gg          , Gs^Fms      , Gs^Fmf      , Gs^Fms      , Gg          , Gs          , Gs          , Gs          , Ce          , 1 Ke        , Ce          , Gg          , Gs          , Gg          , Gs          
Aa^Fda      , Aa          , Gg          , Gg          , Ce          , 2 Ke        , Ce          , Gg          , Rd          , Rd          , Gg          , Gs^Fp       , Gs^Fp       , Gg          , Aa          , Aa          , Gg          , Gg          , Aa          , Aa          , Gg          , Gs^Fms      , Gs^Fms      , Gg          , Gs          , Gs          , Gs          , Gs          , Gs          , Ce          , Gs          , Gs          , Gs          , Gs          , Gs          
Aa^Fda      , Gg          , Gs^Fms      , Gg          , Gg          , Ce          , Gg          , Gg          , Rd          , Gg          , Gg          , Gg          , Gg          , Gg          , Aa^Fma      , Aa^Fma      , Aa^Fma      , Aa          , Aa^Fma      , Aa^Fma      , Gg          , Gg          , Gg          , Gg          , Gs          , Gs          , Aa          , Gs          , Aa          , Gs          , Aa          , Aa          , Aa          , Gs          , Aa          
Gg          , Gg          , Gs^Fms      , Gs^Fmf      , Gg          , Gg          , Gg          , Rd          , Gg          , Gg          , Gg^Vc       , Gg          , Aa          , Aa          , Aa          , Aa^Fma      , Gg          , Aa^Fma      , Aa          , Gg          , Gg          , Gs          , Gs          , Gs          , Gs          , Gs          , Aa          , Aa          , Aa^Fma      , Aa          , Ha^Fda      , Aa          , Aa^Fda      , Aa          , Aa          
Gg          , Gs^Fp       , Gs^Fp       , Gg          , Aa^Fma      , Gg          , Rd          , Rd          , Gg          , Gg          , Gg          , Gg          , Gg          , Aa          , Gg          , Gg          , Gg          , Gg          , Gg          , Gg          , Gs          , Gs          , Gs          , Gs^Vht      , Gs          , Aa          , Aa          , Aa^Fma      , Ha^Fda      , Aa^Fda      , Ha^Fma      , Ha^Fma      , Aa^Fma      , Aa^Fda      , Aa^Fda      
Gg          , Gs^Fp       , Gg          , Gg          , Aa^Fma      , Gg          , Rd          , Gg          , Aa          , Aa          , Aa          , Gg          , Gg          , Gg          , Gg          , Gg          , Aa          , Gg          , Gg          , Gg          , Gg          , Gs          , Gs          , Gs          , Aa          , Aa          , Aa          , Ha^Fpa      , Ha^Fpa      , Ha^Fpa      , Ha^Fpa      , Ha^Fpa      , Ha^Fpa      , Aa^Fma      , Aa^Fda      
