border_size=1
usage=map

Gg          , Gg          , Gs          , Ss          , Gs          , Ww          , Ww          , Gs          , Gs^Fmf      , Gs^Fmf      , Gs^Fmf      , Gs^Fmw      , Gs^Fmf      , Gg          , Gs^Fmw      , Gg          , Gg          , Gg          , Gg          , Gg          , Hh^Fmf      , Gs^Fmf      , Gs^Fp       , Gs^Ft       , Gs^Ft       , Gs^Ft       , Ww          , Ww          
Re^Gvs      , Gg          , Gs^Fmw      , Gs          , Gs^Fmw      , Gs          , Ww          , Gs          , Gs^Fmw      , Gs^Fmw      , Gs^Fmf      , Gg^Ve       , Hh^Fmf      , Gs^Fmf      , Gs^Fmf      , Gs^Fmf      , Gs^Fmf      , Gg          , Gg          , Gs^Fp       , Hh^Fmf      , Hh^Fp       , Hh^Fp       , Gs^Fp       , Gs^Fmf      , Gs^Ft       , Ww          , Ds          
Re^Gvs      , Gg          , Gg          , Gs^Ft       , Gs^Ft       , Gs^Ft       , Gs^Fmw      , Ww          , Ww          , Gs^Fmf      , Gs^Fmw      , Hh^Fmf      , Hh^Fmf      , Gs^Fmf      , Gs^Fmf      , Gs^Fmf      , Hh^Fmf      , Hh^Fmf      , Gs^Fmf      , Hh^Fmf      , Hh^Fp       , Hh^Fp       , Hh^Fp       , Hh^Fp       , Hh^Fp       , Ww          , Hh^Fp       , Gs^Ft       
Gg          , Gg          , Gg          , Gs^Fmw      , Gs^Fmw      , Gs^Ft       , Gs^Ft       , Gs^Fmw      , Gs^Fmw      , Ww          , Ww          , Gs^Fmf      , Gs^Fmf      , Gs^Fmf      , Ggf         , Gg^Fet      , Rp          , Hh^Fp       , Hh          , Hh^Fp       , Rp          , Rp          , Rp          , Mm          , Ss          , Ww          , Hh^Fp       , Hh^Fp       
Gg          , Gg          , Gg          , Gg          , Gg          , Gg          , Gs^Ft       , Gs^Ft       , Gs^Ft       , Gs^Fmw      , Ww          , Hh^Fmf      , Hh^Fmf      , Ggf         , Ggf         , Ggf         , Rp          , Hh^Fp       , Mm          , Rp          , Ch          , Ch          , Ch          , Rp          , Mm          , Mm          , Mm          , Hh^Fp       
Gg          , Gg^Vc       , Gg          , Gg          , Gg          , Gg          , Gs          , Gs^Ft       , Gs^Ft       , Gs^Ft       , Gs^Ft       , Ww          , Hh^Fp       , Ggf         , Hh^Fp       , Ggf         , Rp          , Rp          , Rp          , Rp          , Ch          , Kh          , Ch          , Rp          , Mm          , Mm^Vhh      , Mm          , Hh^Fp       
Gg          , Gg          , Gg          , Gs^Fmw      , Gs^Ft       , Gs^Ft       , Hh^Fmw      , Gs          , Gs^Ft       , Gs^Ft       , Gs^Ft       , Ww          , Ww          , Hh^Fp       , Rp          , Rp          , Rp          , Rp          , Rp          , Rp          , Rp          , Ch          , Rp          , Rp          , Mm          , Mm          , Mm          , Hh^Fp       
Gg          , Gg          , Gs^Ft       , Gs^Ft       , Hh^Fmw      , Hh^Fmw      , Mm          , Hh^Fmw      , Hh^Fmw      , Gs^Ft       , Hh^Fp       , Hh^Fp       , Ww          , Hh^Fp       , Hh^Fp       , Mm          , Mm^Vhh      , Mm          , Rp          , Rp          , 1 Rp        , Rp          , Rp          , Rp          , Mm          , Mm          , Mm          , Hh^Fp       
Gs          , Gs          , Gs^Ft       , Hh^Fmw      , Hh^Fmw      , Mm          , Mm          , Mm          , Mm          , Mm          , Mm          , Hh^Fp       , Hh^Fp       , Ww          , Hh^Fp       , Mm          , Mm          , Gs^Ft       , Rp          , Rp          , Rp          , Rp          , Mm          , Mm          , Mm          , Hh^Fp       , Hh^Fp       , Hh^Fp       
Gs^Ft       , Gs^Ft       , Gs^Ft       , Gs^Ft       , Hh^Fp       , Mm          , Mm          , Mm          , Mm          , Mm          , Mm          , Mm          , Hh^Fp       , Ww          , Hh^Fp       , Mm          , Mm          , Mm          , Rp          , Rp          , Rp          , Rp          , Gg^Fet      , Mm          , Mm          , Hh^Fp       , Gs          , Gs          
Gs^Ft       , Gs^Ft       , Dd^Vdt      , Gs^Ft       , Gs^Ft       , Hh^Fds      , Mm          , Mm          , Mm          , Mm          , Mm          , Mm          , Hh^Fp       , Ww          , Ww          , Hh^Fp       , Mm          , Mm          , Mm          , Rp          , Rp          , Rp^Vhc      , Gs^Fp       , Mm          , Hh^Fp       , Hh^Fp       , Gg          , Gs          
Ds          , Gs^Ft       , Gs^Ft       , Gs^Ft       , Gs^Ft       , Hh^Fds      , Hh^Fds      , Mm          , Mm          , Mm          , Mm          , Mm          , Mm          , Hh^Fp       , Ww          , Hh^Fp       , Hh^Fp       , Mm          , Mm          , Mm          , Mm          , Gg^Fet      , Mm          , Gs^Fp       , Gs^Fp       , Gg          , Gg          , Gs^Ft       
Ds          , Gs^Ft       , Dd^Dc       , Gs^Ft       , Gs^Ft       , Gs^Ft       , Gs^Ft       , Hh^Fds      , Hh^Fds      , Mm          , Mm          , Mm          , Mm          , Hh^Fp       , Hh^Fp       , Ww          , Hh^Fp       , Hh^Fp       , Mm          , Mm          , Mm          , Mm          , Hh^Fp       , Hh^Fp       , Gg          , Gg          , Gg          , Gs^Ft       
Ds          , Ds          , Ds          , Ds          , Ds          , Ds          , Ds          , Gs^Ft       , Gs^Ft       , Gs^Fms      , Mm          , Mm          , Mm          , Hh^Fp       , Gg^Vc       , Ww          , Gs          , Hh^Fp       , Hh^Fp       , Mm          , Hh^Fp       , Hh^Fp       , Gs          , Gs          , Gs^Ft       , Gg          , Gs^Ft       , Gs^Ft       
Wwf         , Ds          , Wwf         , Ds          , Wwf         , Ds          , Ds          , Dd^Do       , Gs^Ft       , Hh^Fds      , Gs^Ft       , Hh^Fds      , Hh^Fds      , Hh^Fp       , Ww          , Ww          , Gs          , Gs          , Gs          , Hh^Fp       , Gs          , Gs          , Gs          , Gg          , Gs^Ft       , Gg^Vc       , Gs^Ft       , Gs^Ft       
Ww          , Ww          , Ww          , Ww          , Ww          , Wwf         , Wwf         , Ds          , Ds          , Gs^Ft       , Gs^Ft       , Gs^Ft       , Gs^Ft       , Hh^Fp       , Ww          , Gs^Ft       , Gs^Ft       , Gs^Ft       , Gs^Ft       , Gs          , Gs^Ft       , Gs^Ft       , Gs^Ft       , Gs^Ft       , Gs^Ft       , Gs^Ft       , Gs^Ft       , Gs^Ft       
Ww          , Ww          , Ww          , Ww          , Ww          , Ww          , Ww          , Ww          , Ww          , Ds          , Ds          , Ds          , Ds          , Gs^Ft       , Ww          , Ds          , Ds          , Gs^Ft       , Gs^Ft       , Gs^Ft       , Gs^Ft       , Gs^Ft       , Gs^Ft       , Gs^Ft       , Ds          , Gs^Ft       , Gs^Ft       , Gs^Ft       
Ww          , Ww          , Ww          , 2 Ww        , Ww          , Ww          , Ww          , Ww          , Ww          , Ww          , Ww          , Ww          , Ww          , Ww          , Ww          , Ww          , Ww          , Wwf         , Wwf         , Ds          , Wwf         , Ds          , Ds          , Ds          , Ds          , Gs^Ft       , Ds          , Gs^Ft       
Ww          , Ww          , Ww          , Ww          , Ww          , Ww          , Wwr         , Wwr         , Ww          , Wwr         , Ww          , Ww          , Ww          , Ww          , Ww          , Ww          , Ww          , Ww          , Ww          , Wwf         , Wwf         , Wwf         , Wwf         , Wwf         , Ds          , Ds          , Ds          , Ds          
Ww          , Ww          , Ww          , Ww          , Ww          , Ww          , Wwr         , Wwr         , Wwr         , Wwr         , Wwr         , Wwr         , Ww          , Ww          , Ww          , Ww          , Ww          , Ww          , Ww          , Ww          , Ww          , Ww          , Ww          , Ww          , Ww          , Wwf         , Wwf         , Wwf         
Wwr         , Wwr         , Wwr         , Wwr         , Wwr         , Wwr         , Wo          , Wwr         , Wwr         , Wwr         , Wwr         , Wo          , Wo          , Wo          , Wo          , Ww          , Ww          , Ww          , Ww          , Ww          , Ww          , Ww          , Ww          , Ww          , Ww          , Ww          , Ww          , Ww          
